// Jest Snapshot v1, https://goo.gl/fbAQLP

exports[`upload-field.graphql 1`] = `
Object {
  "data": Object {
    "allPosts": Object {
      "nodes": Array [],
    },
  },
}
`;
